*** Using Compiler 'V5.06 update 7 (build 960)', folder: 'D:\Kei5\ARM\ARMCC\Bin'
Build target 'PongCtrl'
compiling debug_uart.c...
compiling dma.c...
compiling stm32f4xx_it.c...
compiling led8.c...
compiling buzzer.c...
compiling gpio.c...
compiling stm32f4xx_hal_msp.c...
compiling tim.c...
compiling game_protocol.c...
compiling disp_seg.c...
compiling score_display.c...
compiling keys.c...
compiling main.c...
compiling usart.c...
compiling freertos.c...
linking...
Program Size: Code=23740 RO-data=816 RW-data=260 ZI-data=23324  
FromELF: creating hex file...
"PongCtrl\PongCtrl.axf" - 0 Error(s), 0 Warning(s).
Build Time Elapsed:  00:00:02
