*** Using Compiler 'V5.06 update 7 (build 960)', folder: 'D:\Kei5\ARM\ARMCC\Bin'
Build target 'PongCtrl'
compiling dma.c...
compiling stm32f4xx_hal_flash_ramfunc.c...
compiling tim.c...
compiling stm32f4xx_hal_msp.c...
compiling stm32f4xx_hal_rcc_ex.c...
compiling stm32f4xx_hal_pwr.c...
compiling stm32f4xx_it.c...
compiling stm32f4xx_hal_gpio.c...
compiling stm32f4xx_hal_timebase_tim.c...
compiling usart.c...
compiling stm32f4xx_hal_flash.c...
compiling stm32f4xx_hal_dma.c...
compiling stm32f4xx_hal_flash_ex.c...
compiling stm32f4xx_hal_pwr_ex.c...
compiling freertos.c...
compiling stm32f4xx_hal_dma_ex.c...
compiling mqtt_config.c...
compiling stm32f4xx_hal_rcc.c...
compiling stm32f4xx_hal_tim_ex.c...
compiling croutine.c...
compiling list.c...
compiling event_groups.c...
compiling queue.c...
compiling stream_buffer.c...
compiling timers.c...
compiling tasks.c...
compiling stm32f4xx_hal_tim.c...
compiling heap_4.c...
compiling port.c...
compiling stm32f4xx_hal.c...
compiling stm32f4xx_hal_exti.c...
compiling system_stm32f4xx.c...
compiling buzzer.c...
compiling stm32f4xx_hal_cortex.c...
compiling bsp_uart_fifo.c...
compiling debug_uart.c...
compiling keys.c...
compiling disp_seg.c...
compiling led.c...
compiling bsp_esp8266.c...
compiling game_protocol.c...
compiling mqtt_client.c...
compiling score_display.c...
compiling stm32f4xx_hal_uart.c...
compiling cmsis_os2.c...
linking...
Program Size: Code=23512 RO-data=816 RW-data=260 ZI-data=23324  
FromELF: creating hex file...
"PongCtrl\PongCtrl.axf" - 0 Error(s), 0 Warning(s).
Build Time Elapsed:  00:00:05
